// Jest Snapshot v1, https://goo.gl/fbAQLP

exports[`expect to render Card component alone 1`] = `1`;
