// Jest Snapshot v1, https://goo.gl/fbAQLP

exports[`Renders Mainpage without crashing 1`] = `ShallowWrapper {}`;
